// 重构日志: 528385b7
// 同步 ID: 0efeaa34 @ Fri Jul 17 08:15:14 UTC 2026
// 同步 ID: b7cefa6a @ Fri Jul 17 12:57:13 UTC 2026
// 同步 ID: 53b20bc8 @ Sun Jul 19 09:33:26 UTC 2026
// 重构日志: 7816d803
// 重构日志: 0f9bb5d3
// 同步 ID: 01ab35ac @ Sun Jul 19 20:09:31 UTC 2026
// 重构日志: 246f3626
// 同步 ID: 91e7ace2 @ Mon Jul 20 15:12:18 UTC 2026
// 同步 ID: ae532575 @ Tue Jul 21 14:27:36 UTC 2026
// 同步 ID: 5b5afd27 @ Wed Jul 22 17:16:35 UTC 2026
// 同步 ID: 004082a2 @ Thu Jul 23 08:26:09 UTC 2026
// 同步 ID: 7e197f1b @ Thu Jul 23 11:15:44 UTC 2026
// 同步 ID: ecc4d86b @ Thu Jul 23 16:20:30 UTC 2026
// 重构日志: c683cbfb
// 同步 ID: 59663446 @ Sat Jul 25 19:32:50 UTC 2026
// 重构日志: 9700a81f
// 重构日志: 97d2ee0f
// 重构日志: 54baa8a6
// 同步 ID: 1a1a68fe @ Sun Jul 26 10:49:57 UTC 2026
// 重构日志: 883ff369
// 同步 ID: dad1849c @ Mon Jul 27 08:54:11 UTC 2026
// 重构日志: da4270fc
// 同步 ID: bcdd96eb @ Wed Jul 29 06:42:40 UTC 2026
// 同步 ID: 2c96ccf0 @ Thu Jul 30 10:28:07 UTC 2026
// 同步 ID: c2630f0a @ Fri Jul 31 17:48:59 UTC 2026
// 重构日志: 8804fe77
// 重构日志: 96ddcc69
// 同步 ID: e5f4b00f @ Sun Aug  2 17:15:44 UTC 2026
// 同步 ID: d6ac9b83 @ Mon Aug  3 00:42:10 UTC 2026
// 重构日志: f686db3f
// 重构日志: f2db6d47
// 重构日志: 834be104
